// Jest Snapshot v1, https://goo.gl/fbAQLP

exports[`<FormUser /> should render the form user component 1`] = `
<form
  className="form"
  onSubmit={[Function]}
>
  <div
    className="form__field"
  >
    <label
      className="form__label-file"
      htmlFor="photo"
    >
      Load photo
    </label>
    <input
      className="form__input"
      id="photo"
      onChange={[Function]}
      required={true}
      type="file"
    />
  </div>
  <div
    className="form__field"
  >
    <label
      className="sr-only"
      htmlFor="firstName"
    />
    <input
      className="form__input"
      id="firstName"
      name="firstName"
      onChange={[Function]}
      placeholder="First Name"
      required={true}
      type="text"
    />
  </div>
  <div
    className="form__field"
  >
    <label
      className="sr-only"
      htmlFor="lastName"
    />
    <input
      className="form__input"
      id="lastName"
      name="lastName"
      onChange={[Function]}
      placeholder="Last Name"
      required={true}
      type="text"
    />
  </div>
  <div
    className="form__field"
  >
    <label
      className="sr-only"
      htmlFor="email"
    />
    <input
      className="form__input"
      id="email"
      name="email"
      onChange={[Function]}
      placeholder="email@test.com"
      required={true}
      type="email"
    />
  </div>
  <div
    className="form__field"
  >
    <label
      className="form__label"
      htmlFor="group"
    />
    <div
      className="form__select-container"
    >
      <select
        className="form__select"
        id="group"
        name="group"
        onChange={[Function]}
        required={true}
      >
        <option
          value=""
        >
          Select a group
        </option>
      </select>
    </div>
  </div>
  <div
    className="form__field"
  >
    <label
      className="sr-only"
      htmlFor="facebook"
    />
    <input
      className="form__input"
      id="facebook"
      name="facebook"
      onChange={[Function]}
      placeholder="Facebook"
      required={true}
      type="text"
    />
  </div>
  <div
    className="form__field"
  >
    <label
      className="sr-only"
      htmlFor="twitter"
    />
    <input
      className="form__input"
      id="twitter"
      name="twitter"
      onChange={[Function]}
      placeholder="Twitter"
      required={true}
      type="text"
    />
  </div>
  <button
    className="button button--primary push--top"
    type="submit"
  >
    Add
  </button>
</form>
`;
