// Jest Snapshot v1, https://goo.gl/fbAQLP

exports[`<DetailsPage /> should render the details page component 1`] = `
<div>
  Invalid
</div>
`;
