// Jest Snapshot v1, https://goo.gl/fbAQLP

exports[`<EmptySection /> should render the empty section component 1`] = `
<div
  className="details__warning"
>
  <p
    className="text--larger flush--bottom"
  >
    You don't have any  yet.
  </p>
  <p
    className="text--large"
  >
    Please add one.
  </p>
  <span
    className="details__warning-btn icon icon--plus"
    onClick={[Function]}
  />
</div>
`;
