// Jest Snapshot v1, https://goo.gl/fbAQLP

exports[`<App /> should render the app component 1`] = `
<div>
  <span />
  <div
    className="s-alert-wrapper"
  />
</div>
`;
